node.exe : D:\Data\Document\Hisyam\kanban-board\node_modules\@prisma\client\src\ru
ntime\utils\validatePrismaClientOptions.ts:229
At C:\nvm4w\nodejs\npx.ps1:29 char:3
+   & $NODE_EXE $NPX_CLI_JS $args
+   ~~~~~~~~~~~~~~~~~~~~~~~~~~~~~
    + CategoryInfo          : NotSpecified: (D:\Data\Documen...tOptions.ts:229:St 
   ring) [], RemoteException
    + FullyQualifiedErrorId : NativeCommandError
 
    throw new PrismaClientConstructorValidationError(
          ^


PrismaClientConstructorValidationError: Using engine type "client" requires 
either "adapter" or "accelerateUrl" to be provided to PrismaClient constructor.
Read more at https://pris.ly/d/client-constructor
    at validateDependentOptions (D:\Data\Document\Hisyam\kanban-board\node_modules
\@prisma\client\src\runtime\utils\validatePrismaClientOptions.ts:229:11)
    at validatePrismaClientOptions (D:\Data\Document\Hisyam\kanban-board\node_modu
les\@prisma\client\src\runtime\utils\validatePrismaClientOptions.ts:246:3)
    at new t (D:\Data\Document\Hisyam\kanban-board\node_modules\@prisma\client\src
\runtime\getPrismaClient.ts:282:7)
    at <anonymous> (D:\Data\Document\Hisyam\kanban-board\lib\db.ts:9:3)
    at Object.<anonymous> (D:\Data\Document\Hisyam\kanban-board\lib\db.ts:13:69)
    at Module._compile (node:internal/modules/cjs/loader:1730:14)
    at Object.transformer (C:\Users\mochl\AppData\Local\npm-cache\_npx\fd45a72a545
557e9\node_modules\tsx\dist\register-D46fvsV_.cjs:3:1104)
    at Module.load (node:internal/modules/cjs/loader:1465:32)
    at Function._load (node:internal/modules/cjs/loader:1282:12)
    at TracingChannel.traceSync (node:diagnostics_channel:322:14)

Node.js v22.15.0
